// Jest Snapshot v1, https://goo.gl/fbAQLP

exports[`Header component Matches the snapshot 1`] = `
<div
  className="logo"
>
  Logo
</div>
`;
